<?xpacket begin="?" id="48fdc517-5814-4d0c-cd03-0c296941c6"?>
<x:xmpmeta xmlns:x="adobe:ns:meta/">
<rdf:RDF 
  xmlns:orkg="http://orkg.org/core#"
  xmlns:orkg_property="http://orkg.org/property"
  xmlns:rdf="http://www.w3.org/1999/02/22-rdf-syntax-ns#"
  xmlns:rdfs="http://www.w3.org/2000/01/rdf-schema#">
  <rdf:Description rdf:about="https://www.orkg.org/orkg/paper/48fdc517-5814-4d0c-cd03-0c296941c6">
    <rdf:type rdf:resource="http://orkg.org/core#Paper"/>
    <orkg:hasResearchContribution>
      <orkg:ResearchContribution rdf:about="contribution_ORKG_default">
          <orkg_property:ORKGresearchproblem>This is another problem statement without a number.</orkg_property:ORKGresearchproblem>
      </orkg:ResearchContribution>
    </orkg:hasResearchContribution>
    <orkg:hasResearchContribution>
      <orkg:ResearchContribution rdf:about="contribution_c1">
          <orkg_property:ORKGbackground>This is the background of our research.</orkg_property:ORKGbackground>
          <orkg_property:ORKGresearchproblem>This is the first problem statement of our research.</orkg_property:ORKGresearchproblem>
          <orkg_property:ORKGmethod>These are the methods of our research.</orkg_property:ORKGmethod>
          <orkg_property:ORKGresult>These are the results for the first research problem.</orkg_property:ORKGresult>
      </orkg:ResearchContribution>
    </orkg:hasResearchContribution>
    <orkg:hasResearchContribution>
      <orkg:ResearchContribution rdf:about="contribution_c2">
          <orkg_property:ORKGbackground>This is the background of our research.</orkg_property:ORKGbackground>
          <orkg_property:ORKGresearchproblem>This is the second problem statement of our research.</orkg_property:ORKGresearchproblem>
          <orkg_property:ORKGmethod>These are the methods of our research.</orkg_property:ORKGmethod>
          <orkg_property:ORKGresult>These are the results of the second research problem.</orkg_property:ORKGresult>
      </orkg:ResearchContribution>
    </orkg:hasResearchContribution>
  </rdf:Description>
</rdf:RDF>
</x:xmpmeta>
<?xpacket end="r"?>