<x:xmpmeta xmlns:x="adobe:ns:meta/">
<rdf:RDF 
  xmlns:new="http://www.new-uri.org"
  xmlns:orkg="http://orkg.org/core#"
  xmlns:orkg_property="http://orkg.org/property"
  xmlns:rdf="http://www.w3.org/1999/02/22-rdf-syntax-ns#"
  xmlns:rdfs="http://www.w3.org/2000/01/rdf-schema#">
  <rdf:Description rdf:about="R1234565">
    <rdf:type rdf:resource="http://orkg.org/core#Paper"/>
    <orkg:hasResearchContribution>
      <orkg:ResearchContribution rdf:about="contribution_ORKG_default">
          <orkg_property:ORKGbackground>This is the background of our research.</orkg_property:ORKGbackground>
          <new:ORKGresearchproblem>This is the problem statement of our research.</new:ORKGresearchproblem>
          <orkg_property:ORKGmethod>These are the methods of our research.</orkg_property:ORKGmethod>
          <orkg_property:ORKGresult>These are the results of our research.</orkg_property:ORKGresult>
      </orkg:ResearchContribution>
    </orkg:hasResearchContribution>
  </rdf:Description>
</rdf:RDF>
</x:xmpmeta>