<?xpacket begin="?" id="48fdc517-5814-4d0c-cd03-0c296941c6"?>
<x:xmpmeta xmlns:x="adobe:ns:meta/">
<rdf:RDF 
  xmlns:orkg="http://orkg.org/core#"
  xmlns:orkg_property="http://orkg.org/property/"
  xmlns:rdf="http://www.w3.org/1999/02/22-rdf-syntax-ns#"
  xmlns:rdfs="http://www.w3.org/2000/01/rdf-schema#">
  <rdf:Description rdf:about="https://www.orkg.org/orkg/paper/48fdc517-5814-4d0c-cd03-0c296941c6">
    <rdf:type rdf:resource="http://orkg.org/core#Paper"/>
    <orkg:hasTitle>The title of our research</orkg:hasTitle>
    <orkg:hasAuthor>Me, myself and I</orkg:hasAuthor>
    <orkg:hasAuthor>Myself</orkg:hasAuthor>
    <orkg:hasAuthor>&amp;&lt;I&gt;</orkg:hasAuthor>
    <orkg:hasAuthor>Me</orkg:hasAuthor>
    <orkg:hasResearchField>cancer research</orkg:hasResearchField>
    <orkg:hasResearchContribution>
      <orkg:ResearchContribution rdf:about="https://www.orkg.org/orkg/paper/48fdc517-5814-4d0c-cd03-0c296941c6/contribution_ORKG_default">
          <orkg_property:objective>This is the objective of our research.</orkg_property:objective>
          <orkg_property:researchproblem>This is the problem statement of our research.</orkg_property:researchproblem>
          <orkg_property:method>These are the methods of our research.</orkg_property:method>
          <orkg_property:result>These are the results of our research.</orkg_property:result>
          <orkg_property:conclusion>This is the conclusion of our research.</orkg_property:conclusion>
      </orkg:ResearchContribution>
    </orkg:hasResearchContribution>
  </rdf:Description>
</rdf:RDF>
</x:xmpmeta>
<?xpacket end="r"?>